// Jest Snapshot v1, https://goo.gl/fbAQLP

exports[`minimal usage 1`] = `
Object {
  "Outputs": Object {
    "KanikoDemoRepository9A5AE9BF": Object {
      "Value": Object {
        "Ref": "KanikoDemoRepoE4811266",
      },
    },
  },
  "Parameters": Object {
    "AssetParameters11a850054982c7a762dfcb33f4b473b67940073fd1db01635b64b04c0529ba0dArtifactHash80EE9514": Object {
      "Description": "Artifact hash for asset \\"11a850054982c7a762dfcb33f4b473b67940073fd1db01635b64b04c0529ba0d\\"",
      "Type": "String",
    },
    "AssetParameters11a850054982c7a762dfcb33f4b473b67940073fd1db01635b64b04c0529ba0dS3Bucket3E962F58": Object {
      "Description": "S3 bucket for asset \\"11a850054982c7a762dfcb33f4b473b67940073fd1db01635b64b04c0529ba0d\\"",
      "Type": "String",
    },
    "AssetParameters11a850054982c7a762dfcb33f4b473b67940073fd1db01635b64b04c0529ba0dS3VersionKey0C75EEFB": Object {
      "Description": "S3 key for asset version \\"11a850054982c7a762dfcb33f4b473b67940073fd1db01635b64b04c0529ba0d\\"",
      "Type": "String",
    },
    "AssetParameters67b7823b74bc135986aa72f889d6a8da058d0c4a20cbc2dfc6f78995fdd2fc24ArtifactHashBA91B77F": Object {
      "Description": "Artifact hash for asset \\"67b7823b74bc135986aa72f889d6a8da058d0c4a20cbc2dfc6f78995fdd2fc24\\"",
      "Type": "String",
    },
    "AssetParameters67b7823b74bc135986aa72f889d6a8da058d0c4a20cbc2dfc6f78995fdd2fc24S3Bucket4D46ABB5": Object {
      "Description": "S3 bucket for asset \\"67b7823b74bc135986aa72f889d6a8da058d0c4a20cbc2dfc6f78995fdd2fc24\\"",
      "Type": "String",
    },
    "AssetParameters67b7823b74bc135986aa72f889d6a8da058d0c4a20cbc2dfc6f78995fdd2fc24S3VersionKeyB0F28861": Object {
      "Description": "S3 key for asset version \\"67b7823b74bc135986aa72f889d6a8da058d0c4a20cbc2dfc6f78995fdd2fc24\\"",
      "Type": "String",
    },
  },
  "Resources": Object {
    "AWS679f53fac002430cb0da5b7982bd22872D164C4C": Object {
      "DependsOn": Array [
        "AWS679f53fac002430cb0da5b7982bd2287ServiceRoleDefaultPolicyD28E1A5E",
        "AWS679f53fac002430cb0da5b7982bd2287ServiceRoleC1EA0FF2",
      ],
      "Properties": Object {
        "Code": Object {
          "S3Bucket": Object {
            "Ref": "AssetParameters11a850054982c7a762dfcb33f4b473b67940073fd1db01635b64b04c0529ba0dS3Bucket3E962F58",
          },
          "S3Key": Object {
            "Fn::Join": Array [
              "",
              Array [
                Object {
                  "Fn::Select": Array [
                    0,
                    Object {
                      "Fn::Split": Array [
                        "||",
                        Object {
                          "Ref": "AssetParameters11a850054982c7a762dfcb33f4b473b67940073fd1db01635b64b04c0529ba0dS3VersionKey0C75EEFB",
                        },
                      ],
                    },
                  ],
                },
                Object {
                  "Fn::Select": Array [
                    1,
                    Object {
                      "Fn::Split": Array [
                        "||",
                        Object {
                          "Ref": "AssetParameters11a850054982c7a762dfcb33f4b473b67940073fd1db01635b64b04c0529ba0dS3VersionKey0C75EEFB",
                        },
                      ],
                    },
                  ],
                },
              ],
            ],
          },
        },
        "Handler": "index.handler",
        "Role": Object {
          "Fn::GetAtt": Array [
            "AWS679f53fac002430cb0da5b7982bd2287ServiceRoleC1EA0FF2",
            "Arn",
          ],
        },
        "Runtime": "nodejs12.x",
        "Timeout": 120,
      },
      "Type": "AWS::Lambda::Function",
    },
    "AWS679f53fac002430cb0da5b7982bd2287LogRetentionCE72797A": Object {
      "Properties": Object {
        "LogGroupName": Object {
          "Fn::Join": Array [
            "",
            Array [
              "/aws/lambda/",
              Object {
                "Ref": "AWS679f53fac002430cb0da5b7982bd22872D164C4C",
              },
            ],
          ],
        },
        "RetentionInDays": 7,
        "ServiceToken": Object {
          "Fn::GetAtt": Array [
            "LogRetentionaae0aa3c5b4d4f87b02d85b201efdd8aFD4BFC8A",
            "Arn",
          ],
        },
      },
      "Type": "Custom::LogRetention",
    },
    "AWS679f53fac002430cb0da5b7982bd2287ServiceRoleC1EA0FF2": Object {
      "Properties": Object {
        "AssumeRolePolicyDocument": Object {
          "Statement": Array [
            Object {
              "Action": "sts:AssumeRole",
              "Effect": "Allow",
              "Principal": Object {
                "Service": "lambda.amazonaws.com",
              },
            },
          ],
          "Version": "2012-10-17",
        },
        "ManagedPolicyArns": Array [
          Object {
            "Fn::Join": Array [
              "",
              Array [
                "arn:",
                Object {
                  "Ref": "AWS::Partition",
                },
                ":iam::aws:policy/service-role/AWSLambdaBasicExecutionRole",
              ],
            ],
          },
        ],
      },
      "Type": "AWS::IAM::Role",
    },
    "AWS679f53fac002430cb0da5b7982bd2287ServiceRoleDefaultPolicyD28E1A5E": Object {
      "Properties": Object {
        "PolicyDocument": Object {
          "Statement": Array [
            Object {
              "Action": "iam:PassRole",
              "Effect": "Allow",
              "Resource": Object {
                "Fn::GetAtt": Array [
                  "KanikoDemoBuildImageTaskTaskRole84C9326D",
                  "Arn",
                ],
              },
            },
            Object {
              "Action": "iam:PassRole",
              "Effect": "Allow",
              "Resource": Object {
                "Fn::GetAtt": Array [
                  "KanikoDemoBuildImageTaskExecutionRoleB24935D9",
                  "Arn",
                ],
              },
            },
          ],
          "Version": "2012-10-17",
        },
        "PolicyName": "AWS679f53fac002430cb0da5b7982bd2287ServiceRoleDefaultPolicyD28E1A5E",
        "Roles": Array [
          Object {
            "Ref": "AWS679f53fac002430cb0da5b7982bd2287ServiceRoleC1EA0FF2",
          },
        ],
      },
      "Type": "AWS::IAM::Policy",
    },
    "KanikoDemoBuildImageTaskExecutionRoleB24935D9": Object {
      "Properties": Object {
        "AssumeRolePolicyDocument": Object {
          "Statement": Array [
            Object {
              "Action": "sts:AssumeRole",
              "Effect": "Allow",
              "Principal": Object {
                "Service": "ecs-tasks.amazonaws.com",
              },
            },
          ],
          "Version": "2012-10-17",
        },
      },
      "Type": "AWS::IAM::Role",
    },
    "KanikoDemoBuildImageTaskExecutionRoleDefaultPolicyCB9437DA": Object {
      "Properties": Object {
        "PolicyDocument": Object {
          "Statement": Array [
            Object {
              "Action": Array [
                "ecr:BatchCheckLayerAvailability",
                "ecr:GetDownloadUrlForLayer",
                "ecr:BatchGetImage",
              ],
              "Effect": "Allow",
              "Resource": Object {
                "Fn::Join": Array [
                  "",
                  Array [
                    "arn:",
                    Object {
                      "Ref": "AWS::Partition",
                    },
                    ":ecr:us-east-1:123456789:repository/aws-cdk/assets",
                  ],
                ],
              },
            },
            Object {
              "Action": "ecr:GetAuthorizationToken",
              "Effect": "Allow",
              "Resource": "*",
            },
            Object {
              "Action": Array [
                "logs:CreateLogStream",
                "logs:PutLogEvents",
              ],
              "Effect": "Allow",
              "Resource": Object {
                "Fn::GetAtt": Array [
                  "KanikoDemoBuildImageTaskkanikoLogGroup4C2A8704",
                  "Arn",
                ],
              },
            },
          ],
          "Version": "2012-10-17",
        },
        "PolicyName": "KanikoDemoBuildImageTaskExecutionRoleDefaultPolicyCB9437DA",
        "Roles": Array [
          Object {
            "Ref": "KanikoDemoBuildImageTaskExecutionRoleB24935D9",
          },
        ],
      },
      "Type": "AWS::IAM::Policy",
    },
    "KanikoDemoBuildImageTaskFB962D9E": Object {
      "Properties": Object {
        "ContainerDefinitions": Array [
          Object {
            "Command": Array [
              "--context",
              "git://github.com/pahud/vscode.git",
              "--context-sub-path",
              "./.devcontainer",
              "--dockerfile",
              "Dockerfile",
              "--destination",
              Object {
                "Fn::Join": Array [
                  "",
                  Array [
                    Object {
                      "Fn::Select": Array [
                        4,
                        Object {
                          "Fn::Split": Array [
                            ":",
                            Object {
                              "Fn::GetAtt": Array [
                                "KanikoDemoRepoE4811266",
                                "Arn",
                              ],
                            },
                          ],
                        },
                      ],
                    },
                    ".dkr.ecr.",
                    Object {
                      "Fn::Select": Array [
                        3,
                        Object {
                          "Fn::Split": Array [
                            ":",
                            Object {
                              "Fn::GetAtt": Array [
                                "KanikoDemoRepoE4811266",
                                "Arn",
                              ],
                            },
                          ],
                        },
                      ],
                    },
                    ".",
                    Object {
                      "Ref": "AWS::URLSuffix",
                    },
                    "/",
                    Object {
                      "Ref": "KanikoDemoRepoE4811266",
                    },
                  ],
                ],
              },
              "--force",
            ],
            "Essential": true,
            "Image": Object {
              "Fn::Join": Array [
                "",
                Array [
                  "123456789.dkr.ecr.us-east-1.",
                  Object {
                    "Ref": "AWS::URLSuffix",
                  },
                  "/aws-cdk/assets:8b0a26aabbdd052682e08242ae76cd903c22e3a8356ea0f5c15e536b6a7c99ab",
                ],
              ],
            },
            "LogConfiguration": Object {
              "LogDriver": "awslogs",
              "Options": Object {
                "awslogs-group": Object {
                  "Ref": "KanikoDemoBuildImageTaskkanikoLogGroup4C2A8704",
                },
                "awslogs-region": "us-east-1",
                "awslogs-stream-prefix": "kaniko",
              },
            },
            "Name": "kaniko",
          },
        ],
        "Cpu": "512",
        "ExecutionRoleArn": Object {
          "Fn::GetAtt": Array [
            "KanikoDemoBuildImageTaskExecutionRoleB24935D9",
            "Arn",
          ],
        },
        "Family": "mystackdevKanikoDemoBuildImageTaskB3BE4585",
        "Memory": "1024",
        "NetworkMode": "awsvpc",
        "RequiresCompatibilities": Array [
          "FARGATE",
        ],
        "TaskRoleArn": Object {
          "Fn::GetAtt": Array [
            "KanikoDemoBuildImageTaskTaskRole84C9326D",
            "Arn",
          ],
        },
      },
      "Type": "AWS::ECS::TaskDefinition",
    },
    "KanikoDemoBuildImageTaskTaskRole84C9326D": Object {
      "Properties": Object {
        "AssumeRolePolicyDocument": Object {
          "Statement": Array [
            Object {
              "Action": "sts:AssumeRole",
              "Effect": "Allow",
              "Principal": Object {
                "Service": "ecs-tasks.amazonaws.com",
              },
            },
          ],
          "Version": "2012-10-17",
        },
      },
      "Type": "AWS::IAM::Role",
    },
    "KanikoDemoBuildImageTaskTaskRoleDefaultPolicyFB54EBB0": Object {
      "Properties": Object {
        "PolicyDocument": Object {
          "Statement": Array [
            Object {
              "Action": Array [
                "ecr:BatchCheckLayerAvailability",
                "ecr:GetDownloadUrlForLayer",
                "ecr:BatchGetImage",
              ],
              "Effect": "Allow",
              "Resource": Object {
                "Fn::GetAtt": Array [
                  "KanikoDemoRepoE4811266",
                  "Arn",
                ],
              },
            },
            Object {
              "Action": "ecr:GetAuthorizationToken",
              "Effect": "Allow",
              "Resource": "*",
            },
            Object {
              "Action": Array [
                "ecr:PutImage",
                "ecr:InitiateLayerUpload",
                "ecr:UploadLayerPart",
                "ecr:CompleteLayerUpload",
              ],
              "Effect": "Allow",
              "Resource": Object {
                "Fn::GetAtt": Array [
                  "KanikoDemoRepoE4811266",
                  "Arn",
                ],
              },
            },
          ],
          "Version": "2012-10-17",
        },
        "PolicyName": "KanikoDemoBuildImageTaskTaskRoleDefaultPolicyFB54EBB0",
        "Roles": Array [
          Object {
            "Ref": "KanikoDemoBuildImageTaskTaskRole84C9326D",
          },
        ],
      },
      "Type": "AWS::IAM::Policy",
    },
    "KanikoDemoBuildImageTaskkanikoLogGroup4C2A8704": Object {
      "DeletionPolicy": "Retain",
      "Type": "AWS::Logs::LogGroup",
      "UpdateReplacePolicy": "Retain",
    },
    "KanikoDemoBuildImageonceEcsRunTask135D18BE": Object {
      "DeletionPolicy": "Delete",
      "DependsOn": Array [
        "KanikoDemoBuildImageonceEcsRunTaskCustomResourcePolicyFEA11AC7",
        "KanikoDemoVpcIGWD164E08C",
        "KanikoDemoVpcPrivateSubnet1DefaultRoute0BF4CAAB",
        "KanikoDemoVpcPrivateSubnet1RouteTable55469697",
        "KanikoDemoVpcPrivateSubnet1RouteTableAssociation9C7E8B60",
        "KanikoDemoVpcPrivateSubnet1Subnet324A3C24",
        "KanikoDemoVpcPrivateSubnet2DefaultRoute4629E8B5",
        "KanikoDemoVpcPrivateSubnet2RouteTable27E7CA8E",
        "KanikoDemoVpcPrivateSubnet2RouteTableAssociationE36219C2",
        "KanikoDemoVpcPrivateSubnet2SubnetC1653A92",
        "KanikoDemoVpcPrivateSubnet3DefaultRoute4C3F0D5B",
        "KanikoDemoVpcPrivateSubnet3RouteTable5454FCF8",
        "KanikoDemoVpcPrivateSubnet3RouteTableAssociation2279BB53",
        "KanikoDemoVpcPrivateSubnet3Subnet43B3B56E",
        "KanikoDemoVpcPublicSubnet1DefaultRouteBDDF6683",
        "KanikoDemoVpcPublicSubnet1EIP59A0799E",
        "KanikoDemoVpcPublicSubnet1NATGateway9FE43DAC",
        "KanikoDemoVpcPublicSubnet1RouteTable58602ED0",
        "KanikoDemoVpcPublicSubnet1RouteTableAssociation3A07DA0D",
        "KanikoDemoVpcPublicSubnet1SubnetC11AD7C0",
        "KanikoDemoVpcPublicSubnet2DefaultRouteE044A021",
        "KanikoDemoVpcPublicSubnet2RouteTableFD7D55BF",
        "KanikoDemoVpcPublicSubnet2RouteTableAssociation54C08A59",
        "KanikoDemoVpcPublicSubnet2Subnet8C926586",
        "KanikoDemoVpcPublicSubnet3DefaultRouteDCBE2F5F",
        "KanikoDemoVpcPublicSubnet3RouteTable2928C861",
        "KanikoDemoVpcPublicSubnet3RouteTableAssociation22CA044D",
        "KanikoDemoVpcPublicSubnet3Subnet360A175E",
        "KanikoDemoVpcB8F3E806",
        "KanikoDemoVpcVPCGW5857F913",
      ],
      "Properties": Object {
        "Create": Object {
          "Fn::Join": Array [
            "",
            Array [
              "{\\"service\\":\\"ECS\\",\\"action\\":\\"runTask\\",\\"parameters\\":{\\"cluster\\":\\"",
              Object {
                "Ref": "KanikoDemoCluster45D96CBB",
              },
              "\\",\\"taskDefinition\\":\\"",
              Object {
                "Ref": "KanikoDemoBuildImageTaskFB962D9E",
              },
              "\\",\\"launchType\\":\\"FARGATE\\",\\"networkConfiguration\\":{\\"awsvpcConfiguration\\":{\\"assignPublicIp\\":\\"DISABLED\\",\\"subnets\\":[\\"",
              Object {
                "Ref": "KanikoDemoVpcPrivateSubnet1Subnet324A3C24",
              },
              "\\",\\"",
              Object {
                "Ref": "KanikoDemoVpcPrivateSubnet2SubnetC1653A92",
              },
              "\\",\\"",
              Object {
                "Ref": "KanikoDemoVpcPrivateSubnet3Subnet43B3B56E",
              },
              "\\"],\\"securityGroups\\":[\\"",
              Object {
                "Fn::GetAtt": Array [
                  "KanikoDemoBuildImageonceFargateSecurityGroupF4A61951",
                  "GroupId",
                ],
              },
              "\\"]}}},\\"physicalResourceId\\":{\\"id\\":\\"",
              Object {
                "Ref": "KanikoDemoBuildImageTaskFB962D9E",
              },
              "\\"}}",
            ],
          ],
        },
        "InstallLatestAwsSdk": true,
        "ServiceToken": Object {
          "Fn::GetAtt": Array [
            "AWS679f53fac002430cb0da5b7982bd22872D164C4C",
            "Arn",
          ],
        },
      },
      "Type": "Custom::AWS",
      "UpdateReplacePolicy": "Delete",
    },
    "KanikoDemoBuildImageonceEcsRunTaskCustomResourcePolicyFEA11AC7": Object {
      "DependsOn": Array [
        "KanikoDemoVpcIGWD164E08C",
        "KanikoDemoVpcPrivateSubnet1DefaultRoute0BF4CAAB",
        "KanikoDemoVpcPrivateSubnet1RouteTable55469697",
        "KanikoDemoVpcPrivateSubnet1RouteTableAssociation9C7E8B60",
        "KanikoDemoVpcPrivateSubnet1Subnet324A3C24",
        "KanikoDemoVpcPrivateSubnet2DefaultRoute4629E8B5",
        "KanikoDemoVpcPrivateSubnet2RouteTable27E7CA8E",
        "KanikoDemoVpcPrivateSubnet2RouteTableAssociationE36219C2",
        "KanikoDemoVpcPrivateSubnet2SubnetC1653A92",
        "KanikoDemoVpcPrivateSubnet3DefaultRoute4C3F0D5B",
        "KanikoDemoVpcPrivateSubnet3RouteTable5454FCF8",
        "KanikoDemoVpcPrivateSubnet3RouteTableAssociation2279BB53",
        "KanikoDemoVpcPrivateSubnet3Subnet43B3B56E",
        "KanikoDemoVpcPublicSubnet1DefaultRouteBDDF6683",
        "KanikoDemoVpcPublicSubnet1EIP59A0799E",
        "KanikoDemoVpcPublicSubnet1NATGateway9FE43DAC",
        "KanikoDemoVpcPublicSubnet1RouteTable58602ED0",
        "KanikoDemoVpcPublicSubnet1RouteTableAssociation3A07DA0D",
        "KanikoDemoVpcPublicSubnet1SubnetC11AD7C0",
        "KanikoDemoVpcPublicSubnet2DefaultRouteE044A021",
        "KanikoDemoVpcPublicSubnet2RouteTableFD7D55BF",
        "KanikoDemoVpcPublicSubnet2RouteTableAssociation54C08A59",
        "KanikoDemoVpcPublicSubnet2Subnet8C926586",
        "KanikoDemoVpcPublicSubnet3DefaultRouteDCBE2F5F",
        "KanikoDemoVpcPublicSubnet3RouteTable2928C861",
        "KanikoDemoVpcPublicSubnet3RouteTableAssociation22CA044D",
        "KanikoDemoVpcPublicSubnet3Subnet360A175E",
        "KanikoDemoVpcB8F3E806",
        "KanikoDemoVpcVPCGW5857F913",
      ],
      "Properties": Object {
        "PolicyDocument": Object {
          "Statement": Array [
            Object {
              "Action": "ecs:RunTask",
              "Effect": "Allow",
              "Resource": Object {
                "Ref": "KanikoDemoBuildImageTaskFB962D9E",
              },
            },
          ],
          "Version": "2012-10-17",
        },
        "PolicyName": "KanikoDemoBuildImageonceEcsRunTaskCustomResourcePolicyFEA11AC7",
        "Roles": Array [
          Object {
            "Ref": "AWS679f53fac002430cb0da5b7982bd2287ServiceRoleC1EA0FF2",
          },
        ],
      },
      "Type": "AWS::IAM::Policy",
    },
    "KanikoDemoBuildImageonceFargateSecurityGroupF4A61951": Object {
      "DependsOn": Array [
        "KanikoDemoVpcIGWD164E08C",
        "KanikoDemoVpcPrivateSubnet1DefaultRoute0BF4CAAB",
        "KanikoDemoVpcPrivateSubnet1RouteTable55469697",
        "KanikoDemoVpcPrivateSubnet1RouteTableAssociation9C7E8B60",
        "KanikoDemoVpcPrivateSubnet1Subnet324A3C24",
        "KanikoDemoVpcPrivateSubnet2DefaultRoute4629E8B5",
        "KanikoDemoVpcPrivateSubnet2RouteTable27E7CA8E",
        "KanikoDemoVpcPrivateSubnet2RouteTableAssociationE36219C2",
        "KanikoDemoVpcPrivateSubnet2SubnetC1653A92",
        "KanikoDemoVpcPrivateSubnet3DefaultRoute4C3F0D5B",
        "KanikoDemoVpcPrivateSubnet3RouteTable5454FCF8",
        "KanikoDemoVpcPrivateSubnet3RouteTableAssociation2279BB53",
        "KanikoDemoVpcPrivateSubnet3Subnet43B3B56E",
        "KanikoDemoVpcPublicSubnet1DefaultRouteBDDF6683",
        "KanikoDemoVpcPublicSubnet1EIP59A0799E",
        "KanikoDemoVpcPublicSubnet1NATGateway9FE43DAC",
        "KanikoDemoVpcPublicSubnet1RouteTable58602ED0",
        "KanikoDemoVpcPublicSubnet1RouteTableAssociation3A07DA0D",
        "KanikoDemoVpcPublicSubnet1SubnetC11AD7C0",
        "KanikoDemoVpcPublicSubnet2DefaultRouteE044A021",
        "KanikoDemoVpcPublicSubnet2RouteTableFD7D55BF",
        "KanikoDemoVpcPublicSubnet2RouteTableAssociation54C08A59",
        "KanikoDemoVpcPublicSubnet2Subnet8C926586",
        "KanikoDemoVpcPublicSubnet3DefaultRouteDCBE2F5F",
        "KanikoDemoVpcPublicSubnet3RouteTable2928C861",
        "KanikoDemoVpcPublicSubnet3RouteTableAssociation22CA044D",
        "KanikoDemoVpcPublicSubnet3Subnet360A175E",
        "KanikoDemoVpcB8F3E806",
        "KanikoDemoVpcVPCGW5857F913",
      ],
      "Properties": Object {
        "GroupDescription": "my-stack-dev/KanikoDemo/BuildImageonce/FargateSecurityGroup",
        "SecurityGroupEgress": Array [
          Object {
            "CidrIp": "0.0.0.0/0",
            "Description": "Allow all outbound traffic by default",
            "IpProtocol": "-1",
          },
        ],
        "VpcId": Object {
          "Ref": "KanikoDemoVpcB8F3E806",
        },
      },
      "Type": "AWS::EC2::SecurityGroup",
    },
    "KanikoDemoCluster45D96CBB": Object {
      "Properties": Object {
        "CapacityProviders": Array [
          "FARGATE",
          "FARGATE_SPOT",
        ],
      },
      "Type": "AWS::ECS::Cluster",
    },
    "KanikoDemoRepoE4811266": Object {
      "DeletionPolicy": "Delete",
      "Type": "AWS::ECR::Repository",
      "UpdateReplacePolicy": "Delete",
    },
    "KanikoDemoVpcB8F3E806": Object {
      "Properties": Object {
        "CidrBlock": "10.0.0.0/16",
        "EnableDnsHostnames": true,
        "EnableDnsSupport": true,
        "InstanceTenancy": "default",
        "Tags": Array [
          Object {
            "Key": "Name",
            "Value": "my-stack-dev/KanikoDemo/Vpc",
          },
        ],
      },
      "Type": "AWS::EC2::VPC",
    },
    "KanikoDemoVpcIGWD164E08C": Object {
      "Properties": Object {
        "Tags": Array [
          Object {
            "Key": "Name",
            "Value": "my-stack-dev/KanikoDemo/Vpc",
          },
        ],
      },
      "Type": "AWS::EC2::InternetGateway",
    },
    "KanikoDemoVpcPrivateSubnet1DefaultRoute0BF4CAAB": Object {
      "Properties": Object {
        "DestinationCidrBlock": "0.0.0.0/0",
        "NatGatewayId": Object {
          "Ref": "KanikoDemoVpcPublicSubnet1NATGateway9FE43DAC",
        },
        "RouteTableId": Object {
          "Ref": "KanikoDemoVpcPrivateSubnet1RouteTable55469697",
        },
      },
      "Type": "AWS::EC2::Route",
    },
    "KanikoDemoVpcPrivateSubnet1RouteTable55469697": Object {
      "Properties": Object {
        "Tags": Array [
          Object {
            "Key": "Name",
            "Value": "my-stack-dev/KanikoDemo/Vpc/PrivateSubnet1",
          },
        ],
        "VpcId": Object {
          "Ref": "KanikoDemoVpcB8F3E806",
        },
      },
      "Type": "AWS::EC2::RouteTable",
    },
    "KanikoDemoVpcPrivateSubnet1RouteTableAssociation9C7E8B60": Object {
      "Properties": Object {
        "RouteTableId": Object {
          "Ref": "KanikoDemoVpcPrivateSubnet1RouteTable55469697",
        },
        "SubnetId": Object {
          "Ref": "KanikoDemoVpcPrivateSubnet1Subnet324A3C24",
        },
      },
      "Type": "AWS::EC2::SubnetRouteTableAssociation",
    },
    "KanikoDemoVpcPrivateSubnet1Subnet324A3C24": Object {
      "Properties": Object {
        "AvailabilityZone": "dummy1a",
        "CidrBlock": "10.0.96.0/19",
        "MapPublicIpOnLaunch": false,
        "Tags": Array [
          Object {
            "Key": "aws-cdk:subnet-name",
            "Value": "Private",
          },
          Object {
            "Key": "aws-cdk:subnet-type",
            "Value": "Private",
          },
          Object {
            "Key": "Name",
            "Value": "my-stack-dev/KanikoDemo/Vpc/PrivateSubnet1",
          },
        ],
        "VpcId": Object {
          "Ref": "KanikoDemoVpcB8F3E806",
        },
      },
      "Type": "AWS::EC2::Subnet",
    },
    "KanikoDemoVpcPrivateSubnet2DefaultRoute4629E8B5": Object {
      "Properties": Object {
        "DestinationCidrBlock": "0.0.0.0/0",
        "NatGatewayId": Object {
          "Ref": "KanikoDemoVpcPublicSubnet1NATGateway9FE43DAC",
        },
        "RouteTableId": Object {
          "Ref": "KanikoDemoVpcPrivateSubnet2RouteTable27E7CA8E",
        },
      },
      "Type": "AWS::EC2::Route",
    },
    "KanikoDemoVpcPrivateSubnet2RouteTable27E7CA8E": Object {
      "Properties": Object {
        "Tags": Array [
          Object {
            "Key": "Name",
            "Value": "my-stack-dev/KanikoDemo/Vpc/PrivateSubnet2",
          },
        ],
        "VpcId": Object {
          "Ref": "KanikoDemoVpcB8F3E806",
        },
      },
      "Type": "AWS::EC2::RouteTable",
    },
    "KanikoDemoVpcPrivateSubnet2RouteTableAssociationE36219C2": Object {
      "Properties": Object {
        "RouteTableId": Object {
          "Ref": "KanikoDemoVpcPrivateSubnet2RouteTable27E7CA8E",
        },
        "SubnetId": Object {
          "Ref": "KanikoDemoVpcPrivateSubnet2SubnetC1653A92",
        },
      },
      "Type": "AWS::EC2::SubnetRouteTableAssociation",
    },
    "KanikoDemoVpcPrivateSubnet2SubnetC1653A92": Object {
      "Properties": Object {
        "AvailabilityZone": "dummy1b",
        "CidrBlock": "10.0.128.0/19",
        "MapPublicIpOnLaunch": false,
        "Tags": Array [
          Object {
            "Key": "aws-cdk:subnet-name",
            "Value": "Private",
          },
          Object {
            "Key": "aws-cdk:subnet-type",
            "Value": "Private",
          },
          Object {
            "Key": "Name",
            "Value": "my-stack-dev/KanikoDemo/Vpc/PrivateSubnet2",
          },
        ],
        "VpcId": Object {
          "Ref": "KanikoDemoVpcB8F3E806",
        },
      },
      "Type": "AWS::EC2::Subnet",
    },
    "KanikoDemoVpcPrivateSubnet3DefaultRoute4C3F0D5B": Object {
      "Properties": Object {
        "DestinationCidrBlock": "0.0.0.0/0",
        "NatGatewayId": Object {
          "Ref": "KanikoDemoVpcPublicSubnet1NATGateway9FE43DAC",
        },
        "RouteTableId": Object {
          "Ref": "KanikoDemoVpcPrivateSubnet3RouteTable5454FCF8",
        },
      },
      "Type": "AWS::EC2::Route",
    },
    "KanikoDemoVpcPrivateSubnet3RouteTable5454FCF8": Object {
      "Properties": Object {
        "Tags": Array [
          Object {
            "Key": "Name",
            "Value": "my-stack-dev/KanikoDemo/Vpc/PrivateSubnet3",
          },
        ],
        "VpcId": Object {
          "Ref": "KanikoDemoVpcB8F3E806",
        },
      },
      "Type": "AWS::EC2::RouteTable",
    },
    "KanikoDemoVpcPrivateSubnet3RouteTableAssociation2279BB53": Object {
      "Properties": Object {
        "RouteTableId": Object {
          "Ref": "KanikoDemoVpcPrivateSubnet3RouteTable5454FCF8",
        },
        "SubnetId": Object {
          "Ref": "KanikoDemoVpcPrivateSubnet3Subnet43B3B56E",
        },
      },
      "Type": "AWS::EC2::SubnetRouteTableAssociation",
    },
    "KanikoDemoVpcPrivateSubnet3Subnet43B3B56E": Object {
      "Properties": Object {
        "AvailabilityZone": "dummy1c",
        "CidrBlock": "10.0.160.0/19",
        "MapPublicIpOnLaunch": false,
        "Tags": Array [
          Object {
            "Key": "aws-cdk:subnet-name",
            "Value": "Private",
          },
          Object {
            "Key": "aws-cdk:subnet-type",
            "Value": "Private",
          },
          Object {
            "Key": "Name",
            "Value": "my-stack-dev/KanikoDemo/Vpc/PrivateSubnet3",
          },
        ],
        "VpcId": Object {
          "Ref": "KanikoDemoVpcB8F3E806",
        },
      },
      "Type": "AWS::EC2::Subnet",
    },
    "KanikoDemoVpcPublicSubnet1DefaultRouteBDDF6683": Object {
      "DependsOn": Array [
        "KanikoDemoVpcVPCGW5857F913",
      ],
      "Properties": Object {
        "DestinationCidrBlock": "0.0.0.0/0",
        "GatewayId": Object {
          "Ref": "KanikoDemoVpcIGWD164E08C",
        },
        "RouteTableId": Object {
          "Ref": "KanikoDemoVpcPublicSubnet1RouteTable58602ED0",
        },
      },
      "Type": "AWS::EC2::Route",
    },
    "KanikoDemoVpcPublicSubnet1EIP59A0799E": Object {
      "Properties": Object {
        "Domain": "vpc",
        "Tags": Array [
          Object {
            "Key": "Name",
            "Value": "my-stack-dev/KanikoDemo/Vpc/PublicSubnet1",
          },
        ],
      },
      "Type": "AWS::EC2::EIP",
    },
    "KanikoDemoVpcPublicSubnet1NATGateway9FE43DAC": Object {
      "Properties": Object {
        "AllocationId": Object {
          "Fn::GetAtt": Array [
            "KanikoDemoVpcPublicSubnet1EIP59A0799E",
            "AllocationId",
          ],
        },
        "SubnetId": Object {
          "Ref": "KanikoDemoVpcPublicSubnet1SubnetC11AD7C0",
        },
        "Tags": Array [
          Object {
            "Key": "Name",
            "Value": "my-stack-dev/KanikoDemo/Vpc/PublicSubnet1",
          },
        ],
      },
      "Type": "AWS::EC2::NatGateway",
    },
    "KanikoDemoVpcPublicSubnet1RouteTable58602ED0": Object {
      "Properties": Object {
        "Tags": Array [
          Object {
            "Key": "Name",
            "Value": "my-stack-dev/KanikoDemo/Vpc/PublicSubnet1",
          },
        ],
        "VpcId": Object {
          "Ref": "KanikoDemoVpcB8F3E806",
        },
      },
      "Type": "AWS::EC2::RouteTable",
    },
    "KanikoDemoVpcPublicSubnet1RouteTableAssociation3A07DA0D": Object {
      "Properties": Object {
        "RouteTableId": Object {
          "Ref": "KanikoDemoVpcPublicSubnet1RouteTable58602ED0",
        },
        "SubnetId": Object {
          "Ref": "KanikoDemoVpcPublicSubnet1SubnetC11AD7C0",
        },
      },
      "Type": "AWS::EC2::SubnetRouteTableAssociation",
    },
    "KanikoDemoVpcPublicSubnet1SubnetC11AD7C0": Object {
      "Properties": Object {
        "AvailabilityZone": "dummy1a",
        "CidrBlock": "10.0.0.0/19",
        "MapPublicIpOnLaunch": true,
        "Tags": Array [
          Object {
            "Key": "aws-cdk:subnet-name",
            "Value": "Public",
          },
          Object {
            "Key": "aws-cdk:subnet-type",
            "Value": "Public",
          },
          Object {
            "Key": "Name",
            "Value": "my-stack-dev/KanikoDemo/Vpc/PublicSubnet1",
          },
        ],
        "VpcId": Object {
          "Ref": "KanikoDemoVpcB8F3E806",
        },
      },
      "Type": "AWS::EC2::Subnet",
    },
    "KanikoDemoVpcPublicSubnet2DefaultRouteE044A021": Object {
      "DependsOn": Array [
        "KanikoDemoVpcVPCGW5857F913",
      ],
      "Properties": Object {
        "DestinationCidrBlock": "0.0.0.0/0",
        "GatewayId": Object {
          "Ref": "KanikoDemoVpcIGWD164E08C",
        },
        "RouteTableId": Object {
          "Ref": "KanikoDemoVpcPublicSubnet2RouteTableFD7D55BF",
        },
      },
      "Type": "AWS::EC2::Route",
    },
    "KanikoDemoVpcPublicSubnet2RouteTableAssociation54C08A59": Object {
      "Properties": Object {
        "RouteTableId": Object {
          "Ref": "KanikoDemoVpcPublicSubnet2RouteTableFD7D55BF",
        },
        "SubnetId": Object {
          "Ref": "KanikoDemoVpcPublicSubnet2Subnet8C926586",
        },
      },
      "Type": "AWS::EC2::SubnetRouteTableAssociation",
    },
    "KanikoDemoVpcPublicSubnet2RouteTableFD7D55BF": Object {
      "Properties": Object {
        "Tags": Array [
          Object {
            "Key": "Name",
            "Value": "my-stack-dev/KanikoDemo/Vpc/PublicSubnet2",
          },
        ],
        "VpcId": Object {
          "Ref": "KanikoDemoVpcB8F3E806",
        },
      },
      "Type": "AWS::EC2::RouteTable",
    },
    "KanikoDemoVpcPublicSubnet2Subnet8C926586": Object {
      "Properties": Object {
        "AvailabilityZone": "dummy1b",
        "CidrBlock": "10.0.32.0/19",
        "MapPublicIpOnLaunch": true,
        "Tags": Array [
          Object {
            "Key": "aws-cdk:subnet-name",
            "Value": "Public",
          },
          Object {
            "Key": "aws-cdk:subnet-type",
            "Value": "Public",
          },
          Object {
            "Key": "Name",
            "Value": "my-stack-dev/KanikoDemo/Vpc/PublicSubnet2",
          },
        ],
        "VpcId": Object {
          "Ref": "KanikoDemoVpcB8F3E806",
        },
      },
      "Type": "AWS::EC2::Subnet",
    },
    "KanikoDemoVpcPublicSubnet3DefaultRouteDCBE2F5F": Object {
      "DependsOn": Array [
        "KanikoDemoVpcVPCGW5857F913",
      ],
      "Properties": Object {
        "DestinationCidrBlock": "0.0.0.0/0",
        "GatewayId": Object {
          "Ref": "KanikoDemoVpcIGWD164E08C",
        },
        "RouteTableId": Object {
          "Ref": "KanikoDemoVpcPublicSubnet3RouteTable2928C861",
        },
      },
      "Type": "AWS::EC2::Route",
    },
    "KanikoDemoVpcPublicSubnet3RouteTable2928C861": Object {
      "Properties": Object {
        "Tags": Array [
          Object {
            "Key": "Name",
            "Value": "my-stack-dev/KanikoDemo/Vpc/PublicSubnet3",
          },
        ],
        "VpcId": Object {
          "Ref": "KanikoDemoVpcB8F3E806",
        },
      },
      "Type": "AWS::EC2::RouteTable",
    },
    "KanikoDemoVpcPublicSubnet3RouteTableAssociation22CA044D": Object {
      "Properties": Object {
        "RouteTableId": Object {
          "Ref": "KanikoDemoVpcPublicSubnet3RouteTable2928C861",
        },
        "SubnetId": Object {
          "Ref": "KanikoDemoVpcPublicSubnet3Subnet360A175E",
        },
      },
      "Type": "AWS::EC2::SubnetRouteTableAssociation",
    },
    "KanikoDemoVpcPublicSubnet3Subnet360A175E": Object {
      "Properties": Object {
        "AvailabilityZone": "dummy1c",
        "CidrBlock": "10.0.64.0/19",
        "MapPublicIpOnLaunch": true,
        "Tags": Array [
          Object {
            "Key": "aws-cdk:subnet-name",
            "Value": "Public",
          },
          Object {
            "Key": "aws-cdk:subnet-type",
            "Value": "Public",
          },
          Object {
            "Key": "Name",
            "Value": "my-stack-dev/KanikoDemo/Vpc/PublicSubnet3",
          },
        ],
        "VpcId": Object {
          "Ref": "KanikoDemoVpcB8F3E806",
        },
      },
      "Type": "AWS::EC2::Subnet",
    },
    "KanikoDemoVpcVPCGW5857F913": Object {
      "Properties": Object {
        "InternetGatewayId": Object {
          "Ref": "KanikoDemoVpcIGWD164E08C",
        },
        "VpcId": Object {
          "Ref": "KanikoDemoVpcB8F3E806",
        },
      },
      "Type": "AWS::EC2::VPCGatewayAttachment",
    },
    "LogRetentionaae0aa3c5b4d4f87b02d85b201efdd8aFD4BFC8A": Object {
      "DependsOn": Array [
        "LogRetentionaae0aa3c5b4d4f87b02d85b201efdd8aServiceRoleDefaultPolicyADDA7DEB",
        "LogRetentionaae0aa3c5b4d4f87b02d85b201efdd8aServiceRole9741ECFB",
      ],
      "Properties": Object {
        "Code": Object {
          "S3Bucket": Object {
            "Ref": "AssetParameters67b7823b74bc135986aa72f889d6a8da058d0c4a20cbc2dfc6f78995fdd2fc24S3Bucket4D46ABB5",
          },
          "S3Key": Object {
            "Fn::Join": Array [
              "",
              Array [
                Object {
                  "Fn::Select": Array [
                    0,
                    Object {
                      "Fn::Split": Array [
                        "||",
                        Object {
                          "Ref": "AssetParameters67b7823b74bc135986aa72f889d6a8da058d0c4a20cbc2dfc6f78995fdd2fc24S3VersionKeyB0F28861",
                        },
                      ],
                    },
                  ],
                },
                Object {
                  "Fn::Select": Array [
                    1,
                    Object {
                      "Fn::Split": Array [
                        "||",
                        Object {
                          "Ref": "AssetParameters67b7823b74bc135986aa72f889d6a8da058d0c4a20cbc2dfc6f78995fdd2fc24S3VersionKeyB0F28861",
                        },
                      ],
                    },
                  ],
                },
              ],
            ],
          },
        },
        "Handler": "index.handler",
        "Role": Object {
          "Fn::GetAtt": Array [
            "LogRetentionaae0aa3c5b4d4f87b02d85b201efdd8aServiceRole9741ECFB",
            "Arn",
          ],
        },
        "Runtime": "nodejs12.x",
      },
      "Type": "AWS::Lambda::Function",
    },
    "LogRetentionaae0aa3c5b4d4f87b02d85b201efdd8aServiceRole9741ECFB": Object {
      "Properties": Object {
        "AssumeRolePolicyDocument": Object {
          "Statement": Array [
            Object {
              "Action": "sts:AssumeRole",
              "Effect": "Allow",
              "Principal": Object {
                "Service": "lambda.amazonaws.com",
              },
            },
          ],
          "Version": "2012-10-17",
        },
        "ManagedPolicyArns": Array [
          Object {
            "Fn::Join": Array [
              "",
              Array [
                "arn:",
                Object {
                  "Ref": "AWS::Partition",
                },
                ":iam::aws:policy/service-role/AWSLambdaBasicExecutionRole",
              ],
            ],
          },
        ],
      },
      "Type": "AWS::IAM::Role",
    },
    "LogRetentionaae0aa3c5b4d4f87b02d85b201efdd8aServiceRoleDefaultPolicyADDA7DEB": Object {
      "Properties": Object {
        "PolicyDocument": Object {
          "Statement": Array [
            Object {
              "Action": Array [
                "logs:PutRetentionPolicy",
                "logs:DeleteRetentionPolicy",
              ],
              "Effect": "Allow",
              "Resource": "*",
            },
          ],
          "Version": "2012-10-17",
        },
        "PolicyName": "LogRetentionaae0aa3c5b4d4f87b02d85b201efdd8aServiceRoleDefaultPolicyADDA7DEB",
        "Roles": Array [
          Object {
            "Ref": "LogRetentionaae0aa3c5b4d4f87b02d85b201efdd8aServiceRole9741ECFB",
          },
        ],
      },
      "Type": "AWS::IAM::Policy",
    },
  },
}
`;
